../Core/Src/main.c:89:6:UART_DMA_Init	8	static
../Core/Src/main.c:94:6:UartRx_Circular_Reset	8	static,ignoring_inline_asm
../Core/Src/main.c:106:17:crc32_update	32	static
../Core/Src/main.c:117:6:verify_crc32_payload_crc	32	static
../Core/Src/main.c:132:6:appendByte	24	static
../Core/Src/main.c:143:6:processDataHeaders	8	static
../Core/Src/main.c:153:6:processDataSequence	24	static
../Core/Src/main.c:176:6:processDataFooters	16	static
../Core/Src/main.c:186:6:processLastFlag	24	static
../Core/Src/main.c:217:6:processDataChunkLength	16	static
../Core/Src/main.c:227:9:ProcessReceivedData	16	static
../Core/Src/main.c:259:6:SendAcknowledgment	16	static
../Core/Src/main.c:275:6:CheckForNewData	24	static
../Core/Src/main.c:333:5:main	16	static
../Core/Src/main.c:395:6:SystemClock_Config	64	static
../Core/Src/main.c:434:13:MX_USART2_UART_Init	8	static
../Core/Src/main.c:465:6:HAL_UART_ErrorCallback	16	static
../Core/Src/main.c:481:6:HAL_UART_RxCpltCallback	16	static
../Core/Src/main.c:490:6:HAL_UART_RxHalfCpltCallback	16	static
../Core/Src/main.c:502:13:MX_DMA_Init	16	static
../Core/Src/main.c:520:13:MX_GPIO_Init	32	static
../Core/Src/main.c:553:6:Error_Handler	8	static,ignoring_inline_asm
