../Core/Src/main.c:67:6:UART_DMA_Init	8	static
../Core/Src/main.c:73:6:UartRx_Circular_Reset	8	static,ignoring_inline_asm
../Core/Src/main.c:89:9:ProcessReceivedData	16	static
../Core/Src/main.c:104:6:SendAcknowledgment	16	static
../Core/Src/main.c:121:6:CheckForNewData	24	static
../Core/Src/main.c:179:5:main	16	static
../Core/Src/main.c:249:6:SystemClock_Config	64	static
../Core/Src/main.c:288:13:MX_USART2_UART_Init	8	static
../Core/Src/main.c:319:6:HAL_UART_ErrorCallback	16	static
../Core/Src/main.c:335:6:HAL_UART_RxCpltCallback	16	static
../Core/Src/main.c:344:6:HAL_UART_RxHalfCpltCallback	16	static
../Core/Src/main.c:356:13:MX_DMA_Init	16	static
../Core/Src/main.c:374:13:MX_GPIO_Init	32	static
../Core/Src/main.c:407:6:Error_Handler	8	static,ignoring_inline_asm
