../Core/Src/main.c:62:6:UART_DMA_Init	8	static
../Core/Src/main.c:75:9:ProcessReceivedData	16	static
../Core/Src/main.c:83:6:SendAcknowledgment	16	static
../Core/Src/main.c:96:6:CheckForNewData	24	static
../Core/Src/main.c:154:5:main	16	static
../Core/Src/main.c:224:6:SystemClock_Config	64	static
../Core/Src/main.c:263:13:MX_USART2_UART_Init	8	static
../Core/Src/main.c:294:6:HAL_UART_ErrorCallback	16	static
../Core/Src/main.c:310:6:HAL_UART_RxCpltCallback	16	static
../Core/Src/main.c:319:6:HAL_UART_RxHalfCpltCallback	16	static
../Core/Src/main.c:331:13:MX_DMA_Init	16	static
../Core/Src/main.c:349:13:MX_GPIO_Init	32	static
../Core/Src/main.c:382:6:Error_Handler	8	static,ignoring_inline_asm
