../Core/Src/main.c:83:6:UART_DMA_Init	8	static
../Core/Src/main.c:89:6:UartRx_Circular_Reset	8	static,ignoring_inline_asm
../Core/Src/main.c:99:6:processDataHeaders	8	static
../Core/Src/main.c:107:6:processDataSequence	24	static
../Core/Src/main.c:134:9:ProcessReceivedData	16	static
../Core/Src/main.c:163:6:SendAcknowledgment	16	static
../Core/Src/main.c:182:6:CheckForNewData	24	static
../Core/Src/main.c:240:5:main	16	static
../Core/Src/main.c:310:6:SystemClock_Config	64	static
../Core/Src/main.c:349:13:MX_USART2_UART_Init	8	static
../Core/Src/main.c:380:6:HAL_UART_ErrorCallback	16	static
../Core/Src/main.c:396:6:HAL_UART_RxCpltCallback	16	static
../Core/Src/main.c:405:6:HAL_UART_RxHalfCpltCallback	16	static
../Core/Src/main.c:417:13:MX_DMA_Init	16	static
../Core/Src/main.c:435:13:MX_GPIO_Init	32	static
../Core/Src/main.c:468:6:Error_Handler	8	static,ignoring_inline_asm
