../Core/Src/main.c:89:6:UART_DMA_Init	8	static
../Core/Src/main.c:95:6:UartRx_Circular_Reset	8	static,ignoring_inline_asm
../Core/Src/main.c:107:17:crc32_update	32	static
../Core/Src/main.c:118:6:verify_crc32_payload_crc	32	static
../Core/Src/main.c:133:6:appendByte	24	static
../Core/Src/main.c:144:6:processDataHeaders	8	static
../Core/Src/main.c:154:6:processDataSequence	24	static
../Core/Src/main.c:177:6:processDataFooters	16	static
../Core/Src/main.c:187:6:processLastFlag	24	static
../Core/Src/main.c:218:6:processDataChunkLength	16	static
../Core/Src/main.c:228:9:ProcessReceivedData	16	static
../Core/Src/main.c:260:6:SendAcknowledgment	16	static
../Core/Src/main.c:276:6:CheckForNewData	24	static
../Core/Src/main.c:334:5:main	16	static
../Core/Src/main.c:396:6:SystemClock_Config	64	static
../Core/Src/main.c:435:13:MX_USART2_UART_Init	8	static
../Core/Src/main.c:466:6:HAL_UART_ErrorCallback	16	static
../Core/Src/main.c:482:6:HAL_UART_RxCpltCallback	16	static
../Core/Src/main.c:491:6:HAL_UART_RxHalfCpltCallback	16	static
../Core/Src/main.c:503:13:MX_DMA_Init	16	static
../Core/Src/main.c:521:13:MX_GPIO_Init	32	static
../Core/Src/main.c:554:6:Error_Handler	8	static,ignoring_inline_asm
